{
    "-profile test_gca": {
        "content": [
            {
                "BUSCO_DOWNLOAD": {
                    "busco": "6.1.0"
                },
                "BUSCO_GENOME": {
                    "busco": "6.1.0"
                },
                "BUSCO_SEQS_GENOME": {
                    "python": "3.13.5"
                },
                "FILTER_BY_LENGTH": {
                    "seqkit": "2.13.0"
                },
                "GAWK": {
                    "gawk": "5.3.1"
                },
                "IDEOGRAM_GENOME": {
                    "r_base": "4.4.1",
                    "r_rideogram": "0.2.2"
                },
                "NCBIGENOMEDOWNLOAD": {
                    "ncbigenomedownload": "0.3.3"
                },
                "ORTHOFINDER_V3": {
                    "orthofinder": "3.1.3"
                },
                "ORTHOSEQCOUNT": {
                    "pandas": "2.3.1",
                    "python": "3.13.5"
                },
                "QUAST": {
                    "quast": "5.3.0"
                },
                "REPORT_EXCEL": {
                    "python": "3.9.5"
                },
                "REPORT_HTML": {
                    "python": "3.9.5"
                },
                "SHINY_APP_GENOME": {},
                "SORT_BY_LENGTH": {
                    "seqkit": "2.13.0"
                },
                "TIDK_EXPLORE": {
                    "tidk": "0.2.7"
                },
                "TIDK_PLOT_APOSTERIORI": {
                    "tidk": "0.2.7"
                },
                "TIDK_SEARCH_APOSTERIORI": {
                    "tidk": "0.2.7"
                },
                "TREE_SUMMARY_GENO": {
                    "argparse": "2.3.1",
                    "dplyr": "1.1.4",
                    "ggplot2": "4.0.1",
                    "ggtree": "4.0.4",
                    "patchwork": "1.3.2",
                    "python": "3.13.11",
                    "r_base": "4.5.2",
                    "scales": "1.4.0",
                    "scatterpie": "0.2.6",
                    "tidyr": "1.3.2"
                },
                "UNCOMPRESS_FASTA": {
                    "pigz": 2.8
                },
                "Workflow": {
                    "nf-core/genomeqc": "v1.0.0"
                }
            },
            [
                "busco",
                "busco/genome",
                "busco/genome/Mycoplasmoides_gallisepticum",
                "busco/genome/Mycoplasmoides_gallisepticum/ideogram",
                "busco/genome/Mycoplasmoides_gallisepticum/ideogram/Mycoplasmoides_gallisepticum.csv",
                "busco/genome/Mycoplasmoides_gallisepticum/ideogram/Mycoplasmoides_gallisepticum.png",
                "busco/genome/Mycoplasmoides_gallisepticum/ideogram/Mycoplasmoides_gallisepticum.svg",
                "busco/genome/Mycoplasmoides_gallisepticum/stats",
                "busco/genome/Mycoplasmoides_gallisepticum/stats/Mycoplasmoides_gallisepticum-mycoplasmatales_odb10-genome-busco.batch_summary.txt",
                "busco/genome/Mycoplasmoides_gallisepticum/stats/short_summary.specific.mycoplasmatales_odb10.GCA_900476085.1_50569_G01_genomic.fna.txt",
                "busco/genome/Mycoplasmoides_genitalium",
                "busco/genome/Mycoplasmoides_genitalium/ideogram",
                "busco/genome/Mycoplasmoides_genitalium/ideogram/Mycoplasmoides_genitalium.csv",
                "busco/genome/Mycoplasmoides_genitalium/ideogram/Mycoplasmoides_genitalium.png",
                "busco/genome/Mycoplasmoides_genitalium/ideogram/Mycoplasmoides_genitalium.svg",
                "busco/genome/Mycoplasmoides_genitalium/stats",
                "busco/genome/Mycoplasmoides_genitalium/stats/Mycoplasmoides_genitalium-mycoplasmatales_odb10-genome-busco.batch_summary.txt",
                "busco/genome/Mycoplasmoides_genitalium/stats/short_summary.specific.mycoplasmatales_odb10.GCA_000027325.1_ASM2732v1_genomic.fna.txt",
                "busco/genome/Mycoplasmoides_pneumoniae",
                "busco/genome/Mycoplasmoides_pneumoniae/ideogram",
                "busco/genome/Mycoplasmoides_pneumoniae/ideogram/Mycoplasmoides_pneumoniae.csv",
                "busco/genome/Mycoplasmoides_pneumoniae/ideogram/Mycoplasmoides_pneumoniae.png",
                "busco/genome/Mycoplasmoides_pneumoniae/ideogram/Mycoplasmoides_pneumoniae.svg",
                "busco/genome/Mycoplasmoides_pneumoniae/stats",
                "busco/genome/Mycoplasmoides_pneumoniae/stats/Mycoplasmoides_pneumoniae-mycoplasmatales_odb10-genome-busco.batch_summary.txt",
                "busco/genome/Mycoplasmoides_pneumoniae/stats/short_summary.specific.mycoplasmatales_odb10.GCA_000733995.1_ASM73399v1_genomic.fna.txt",
                "busco/genome/min_number_buscos",
                "busco/genome/min_number_buscos/n_seqs_above_x_buscos.tsv",
                "multiqc",
                "multiqc/multiqc_data",
                "multiqc/multiqc_data/llms-full.txt",
                "multiqc/multiqc_data/multiqc.log",
                "multiqc/multiqc_data/multiqc.parquet",
                "multiqc/multiqc_data/multiqc_citations.txt",
                "multiqc/multiqc_data/multiqc_data.json",
                "multiqc/multiqc_data/multiqc_software_versions.txt",
                "multiqc/multiqc_data/multiqc_sources.txt",
                "multiqc/multiqc_report.html",
                "ortho_seq_count",
                "ortho_seq_count/debug_gene_mapping.txt",
                "ortho_seq_count/pairwise_ortho_seq_count.tsv",
                "ortho_seq_count/species_ortho_seq_count.tsv",
                "pipeline_info",
                "pipeline_info/nf_core_genomeqc_software_mqc_versions.yml",
                "quast",
                "quast/Mycoplasmoides_gallisepticum",
                "quast/Mycoplasmoides_gallisepticum/Mycoplasmoides_gallisepticum.quast",
                "quast/Mycoplasmoides_gallisepticum/Mycoplasmoides_gallisepticum.quast/basic_stats",
                "quast/Mycoplasmoides_gallisepticum/Mycoplasmoides_gallisepticum.quast/basic_stats/GCA_900476085.1_50569_G01_genomic_GC_content_plot.pdf",
                "quast/Mycoplasmoides_gallisepticum/Mycoplasmoides_gallisepticum.quast/basic_stats/GC_content_plot.pdf",
                "quast/Mycoplasmoides_gallisepticum/Mycoplasmoides_gallisepticum.quast/basic_stats/Nx_plot.pdf",
                "quast/Mycoplasmoides_gallisepticum/Mycoplasmoides_gallisepticum.quast/basic_stats/cumulative_plot.pdf",
                "quast/Mycoplasmoides_gallisepticum/Mycoplasmoides_gallisepticum.quast/icarus.html",
                "quast/Mycoplasmoides_gallisepticum/Mycoplasmoides_gallisepticum.quast/icarus_viewers",
                "quast/Mycoplasmoides_gallisepticum/Mycoplasmoides_gallisepticum.quast/icarus_viewers/contig_size_viewer.html",
                "quast/Mycoplasmoides_gallisepticum/Mycoplasmoides_gallisepticum.quast/quast.log",
                "quast/Mycoplasmoides_gallisepticum/Mycoplasmoides_gallisepticum.quast/report.html",
                "quast/Mycoplasmoides_gallisepticum/Mycoplasmoides_gallisepticum.quast/report.pdf",
                "quast/Mycoplasmoides_gallisepticum/Mycoplasmoides_gallisepticum.quast/report.tex",
                "quast/Mycoplasmoides_gallisepticum/Mycoplasmoides_gallisepticum.quast/report.tsv",
                "quast/Mycoplasmoides_gallisepticum/Mycoplasmoides_gallisepticum.quast/report.txt",
                "quast/Mycoplasmoides_gallisepticum/Mycoplasmoides_gallisepticum.quast/transposed_report.tex",
                "quast/Mycoplasmoides_gallisepticum/Mycoplasmoides_gallisepticum.quast/transposed_report.tsv",
                "quast/Mycoplasmoides_gallisepticum/Mycoplasmoides_gallisepticum.quast/transposed_report.txt",
                "quast/Mycoplasmoides_genitalium",
                "quast/Mycoplasmoides_genitalium/Mycoplasmoides_genitalium.quast",
                "quast/Mycoplasmoides_genitalium/Mycoplasmoides_genitalium.quast/basic_stats",
                "quast/Mycoplasmoides_genitalium/Mycoplasmoides_genitalium.quast/basic_stats/GCA_000027325.1_ASM2732v1_genomic_GC_content_plot.pdf",
                "quast/Mycoplasmoides_genitalium/Mycoplasmoides_genitalium.quast/basic_stats/GC_content_plot.pdf",
                "quast/Mycoplasmoides_genitalium/Mycoplasmoides_genitalium.quast/basic_stats/Nx_plot.pdf",
                "quast/Mycoplasmoides_genitalium/Mycoplasmoides_genitalium.quast/basic_stats/cumulative_plot.pdf",
                "quast/Mycoplasmoides_genitalium/Mycoplasmoides_genitalium.quast/icarus.html",
                "quast/Mycoplasmoides_genitalium/Mycoplasmoides_genitalium.quast/icarus_viewers",
                "quast/Mycoplasmoides_genitalium/Mycoplasmoides_genitalium.quast/icarus_viewers/contig_size_viewer.html",
                "quast/Mycoplasmoides_genitalium/Mycoplasmoides_genitalium.quast/quast.log",
                "quast/Mycoplasmoides_genitalium/Mycoplasmoides_genitalium.quast/report.html",
                "quast/Mycoplasmoides_genitalium/Mycoplasmoides_genitalium.quast/report.pdf",
                "quast/Mycoplasmoides_genitalium/Mycoplasmoides_genitalium.quast/report.tex",
                "quast/Mycoplasmoides_genitalium/Mycoplasmoides_genitalium.quast/report.tsv",
                "quast/Mycoplasmoides_genitalium/Mycoplasmoides_genitalium.quast/report.txt",
                "quast/Mycoplasmoides_genitalium/Mycoplasmoides_genitalium.quast/transposed_report.tex",
                "quast/Mycoplasmoides_genitalium/Mycoplasmoides_genitalium.quast/transposed_report.tsv",
                "quast/Mycoplasmoides_genitalium/Mycoplasmoides_genitalium.quast/transposed_report.txt",
                "quast/Mycoplasmoides_pneumoniae",
                "quast/Mycoplasmoides_pneumoniae/Mycoplasmoides_pneumoniae.quast",
                "quast/Mycoplasmoides_pneumoniae/Mycoplasmoides_pneumoniae.quast/basic_stats",
                "quast/Mycoplasmoides_pneumoniae/Mycoplasmoides_pneumoniae.quast/basic_stats/GCA_000733995.1_ASM73399v1_genomic_GC_content_plot.pdf",
                "quast/Mycoplasmoides_pneumoniae/Mycoplasmoides_pneumoniae.quast/basic_stats/GC_content_plot.pdf",
                "quast/Mycoplasmoides_pneumoniae/Mycoplasmoides_pneumoniae.quast/basic_stats/Nx_plot.pdf",
                "quast/Mycoplasmoides_pneumoniae/Mycoplasmoides_pneumoniae.quast/basic_stats/cumulative_plot.pdf",
                "quast/Mycoplasmoides_pneumoniae/Mycoplasmoides_pneumoniae.quast/icarus.html",
                "quast/Mycoplasmoides_pneumoniae/Mycoplasmoides_pneumoniae.quast/icarus_viewers",
                "quast/Mycoplasmoides_pneumoniae/Mycoplasmoides_pneumoniae.quast/icarus_viewers/contig_size_viewer.html",
                "quast/Mycoplasmoides_pneumoniae/Mycoplasmoides_pneumoniae.quast/quast.log",
                "quast/Mycoplasmoides_pneumoniae/Mycoplasmoides_pneumoniae.quast/report.html",
                "quast/Mycoplasmoides_pneumoniae/Mycoplasmoides_pneumoniae.quast/report.pdf",
                "quast/Mycoplasmoides_pneumoniae/Mycoplasmoides_pneumoniae.quast/report.tex",
                "quast/Mycoplasmoides_pneumoniae/Mycoplasmoides_pneumoniae.quast/report.tsv",
                "quast/Mycoplasmoides_pneumoniae/Mycoplasmoides_pneumoniae.quast/report.txt",
                "quast/Mycoplasmoides_pneumoniae/Mycoplasmoides_pneumoniae.quast/transposed_report.tex",
                "quast/Mycoplasmoides_pneumoniae/Mycoplasmoides_pneumoniae.quast/transposed_report.tsv",
                "quast/Mycoplasmoides_pneumoniae/Mycoplasmoides_pneumoniae.quast/transposed_report.txt",
                "report",
                "report/excel",
                "report/excel/genomeqc_tables.xlsx",
                "report/html",
                "report/html/genomeqc_report.html",
                "shiny",
                "shiny/app",
                "shiny/app/Busco_combined_geno.tsv",
                "shiny/app/Quast_to_plot.tsv",
                "shiny/app/gene_stats.tsv",
                "shiny/app/n_seqs_above_x_buscos_output.tsv",
                "shiny/app/shiny_app.R",
                "shiny/app/shiny_app.sh",
                "shiny/app/tree.nw",
                "shiny/app/tree_functions.R",
                "tidk",
                "tidk/Mycoplasmoides_gallisepticum",
                "tidk/Mycoplasmoides_gallisepticum/explore",
                "tidk/Mycoplasmoides_gallisepticum/explore/Mycoplasmoides_gallisepticum.tidk.explore.tsv",
                "tidk/Mycoplasmoides_gallisepticum/explore/Mycoplasmoides_gallisepticum.top.sequence.txt",
                "tidk/Mycoplasmoides_gallisepticum/plot",
                "tidk/Mycoplasmoides_gallisepticum/plot/aposteriori",
                "tidk/Mycoplasmoides_gallisepticum/plot/aposteriori/Mycoplasmoides_gallisepticum.svg",
                "tidk/Mycoplasmoides_gallisepticum/search",
                "tidk/Mycoplasmoides_gallisepticum/search/aposteriori",
                "tidk/Mycoplasmoides_gallisepticum/search/aposteriori/Mycoplasmoides_gallisepticum.tsv",
                "tidk/Mycoplasmoides_genitalium",
                "tidk/Mycoplasmoides_genitalium/explore",
                "tidk/Mycoplasmoides_genitalium/explore/Mycoplasmoides_genitalium.tidk.explore.tsv",
                "tidk/Mycoplasmoides_genitalium/explore/Mycoplasmoides_genitalium.top.sequence.txt",
                "tidk/Mycoplasmoides_genitalium/plot",
                "tidk/Mycoplasmoides_genitalium/plot/aposteriori",
                "tidk/Mycoplasmoides_genitalium/plot/aposteriori/Mycoplasmoides_genitalium.svg",
                "tidk/Mycoplasmoides_genitalium/search",
                "tidk/Mycoplasmoides_genitalium/search/aposteriori",
                "tidk/Mycoplasmoides_genitalium/search/aposteriori/Mycoplasmoides_genitalium.tsv",
                "tidk/Mycoplasmoides_pneumoniae",
                "tidk/Mycoplasmoides_pneumoniae/explore",
                "tidk/Mycoplasmoides_pneumoniae/explore/Mycoplasmoides_pneumoniae.tidk.explore.tsv",
                "tidk/Mycoplasmoides_pneumoniae/explore/Mycoplasmoides_pneumoniae.top.sequence.txt",
                "tidk/Mycoplasmoides_pneumoniae/plot",
                "tidk/Mycoplasmoides_pneumoniae/plot/aposteriori",
                "tidk/Mycoplasmoides_pneumoniae/plot/aposteriori/Mycoplasmoides_pneumoniae.svg",
                "tidk/Mycoplasmoides_pneumoniae/search",
                "tidk/Mycoplasmoides_pneumoniae/search/aposteriori",
                "tidk/Mycoplasmoides_pneumoniae/search/aposteriori/Mycoplasmoides_pneumoniae.tsv",
                "tree",
                "tree/genome_only",
                "tree/genome_only/Busco_combined_geno.tsv",
                "tree/genome_only/Quast_to_plot.tsv",
                "tree/genome_only/gene_stats.tsv",
                "tree/genome_only/n_seqs_above_x_buscos_output.tsv",
                "tree/genome_only/tree.nw",
                "tree/genome_only/tree_plot.pdf",
                "tree/genome_only/tree_plot.svg"
            ],
            [
                "Mycoplasmoides_gallisepticum.csv:md5,23597806ee51b421ab7442fa0ee3a2c3",
                "Mycoplasmoides_gallisepticum.svg:md5,4a117bc483fcaf25bbb2746b88104180",
                "Mycoplasmoides_gallisepticum-mycoplasmatales_odb10-genome-busco.batch_summary.txt:md5,3da5eea665c82de2b8c2a43511c5ee08",
                "Mycoplasmoides_genitalium.csv:md5,a823ca04448cda428ffbb542dbf38499",
                "Mycoplasmoides_genitalium.svg:md5,9a5527e3851505971028d41086f2ac46",
                "Mycoplasmoides_genitalium-mycoplasmatales_odb10-genome-busco.batch_summary.txt:md5,acecfabc82f7a0859e52f369b4a53f2c",
                "Mycoplasmoides_pneumoniae.csv:md5,c40a6b0b1f1d7110485b24eebe4dd3e7",
                "Mycoplasmoides_pneumoniae.svg:md5,ef484734b0479a292b2fca44ac381eb5",
                "Mycoplasmoides_pneumoniae-mycoplasmatales_odb10-genome-busco.batch_summary.txt:md5,b4e2d23d569a27587266b8d4936a07a9",
                "n_seqs_above_x_buscos.tsv:md5,e7c0f303afa9a8e1f82674843e2c609a",
                "multiqc_citations.txt:md5,4c806e63a283ec1b7e78cdae3a923d4f",
                "report.tex:md5,8ccc7c93d222387cb6fb30cb8181bc1c",
                "report.tsv:md5,7817f8c595e6ab8849c91371c8b5d919",
                "report.txt:md5,44e33b3e5db423452e1e818862ffec87",
                "transposed_report.tex:md5,0d96ea2674df987a1b2321e48afeee71",
                "transposed_report.tsv:md5,0896975be680b8593fac08092c3e64cb",
                "transposed_report.txt:md5,85a560c7be0f493be3837d12cadaa105",
                "report.tex:md5,fb40c8ad27d9e95d8bc9d9d3cee1e0b1",
                "report.tsv:md5,c30c154bfb32243df808174cf13e19ea",
                "report.txt:md5,8df19c3bde42fb52f69ec4587c7a2fd2",
                "transposed_report.tex:md5,166cd31fadd488bc8b5abbf9609fb953",
                "transposed_report.tsv:md5,7095b7cfd484b2ed2d887fe15c401020",
                "transposed_report.txt:md5,3b795e2fef5d4daff8c3ec64ee3c8a79",
                "report.tex:md5,7ede783cb90e27407892b04569348681",
                "report.tsv:md5,51262a7c817d4e207947e3c97c32c3e4",
                "report.txt:md5,d1fe04b3947229c1e831a8963b91aca3",
                "transposed_report.tex:md5,d7689405c0f178f2f2eadd1127d7831c",
                "transposed_report.tsv:md5,44d5e082f4f117bfc489b9b89646a616",
                "transposed_report.txt:md5,1c48438ec1d2009eef785f90b2b6b43b",
                "Busco_combined_geno.tsv:md5,b6ae2e028be9514a0283f9bdb5959dd3",
                "Quast_to_plot.tsv:md5,58a0b331eac98e231f77c5844335a6ed",
                "gene_stats.tsv:md5,d41d8cd98f00b204e9800998ecf8427e",
                "n_seqs_above_x_buscos_output.tsv:md5,e7c0f303afa9a8e1f82674843e2c609a",
                "shiny_app.R:md5,c78db1dd5db79e88a5e9ceaa0fa9638a",
                "shiny_app.sh:md5,22a40a6c11369dc37bbdc4a400b1c366",
                "tree_functions.R:md5,89ee160ed862cf9511fd1469fde36e37",
                "Mycoplasmoides_gallisepticum.tidk.explore.tsv:md5,11071144c906e16f8b10c52cbb01278a",
                "Mycoplasmoides_gallisepticum.top.sequence.txt:md5,793cf0a8a04333a994c158224e294261",
                "Mycoplasmoides_gallisepticum.svg:md5,e522b85596db11f5a59d96667f48d9db",
                "Mycoplasmoides_gallisepticum.tsv:md5,8b48e60427002cf6b4f160e034d646c7",
                "Mycoplasmoides_genitalium.tidk.explore.tsv:md5,3e21a89f4ca033284562b613d36206cf",
                "Mycoplasmoides_genitalium.top.sequence.txt:md5,972adfed8d08c0b3c5b6e1b0a6f78e24",
                "Mycoplasmoides_genitalium.svg:md5,15343990c96dd7be364305a8abe420bd",
                "Mycoplasmoides_genitalium.tsv:md5,5cbcaf9681c7be5eaf98fe95a8aa25f0",
                "Mycoplasmoides_pneumoniae.tidk.explore.tsv:md5,5e0ed98016e3d4a9da80490185435a42",
                "Mycoplasmoides_pneumoniae.top.sequence.txt:md5,53612a5378aba42e580645cabd07d7af",
                "Mycoplasmoides_pneumoniae.svg:md5,c312b27a34679075af76ab39bf2da11f",
                "Mycoplasmoides_pneumoniae.tsv:md5,4251cd67d7eaabb86b1c6b7ea97c88d7",
                "Busco_combined_geno.tsv:md5,b6ae2e028be9514a0283f9bdb5959dd3",
                "Quast_to_plot.tsv:md5,58a0b331eac98e231f77c5844335a6ed",
                "gene_stats.tsv:md5,d41d8cd98f00b204e9800998ecf8427e",
                "n_seqs_above_x_buscos_output.tsv:md5,e7c0f303afa9a8e1f82674843e2c609a"
            ]
        ],
        "timestamp": "2026-08-18T18:01:43.130100998",
        "meta": {
            "nf-test": "0.9.5",
            "nextflow": "26.04.1"
        }
    }
}